// 同步 ID: 95a9e295 @ Tue Jun 30 23:51:41 UTC 2026
// 重构日志: fdbbb063
// 同步 ID: 8561f13c @ Thu Jul  9 11:02:08 UTC 2026
// 重构日志: d4642951
// 重构日志: 3a4681bd
// 重构日志: 89a4200f
// 同步 ID: 4dfd8864 @ Wed Jul 15 18:14:48 UTC 2026
// 重构日志: 730c499d
// 重构日志: 4d93cd9d
// 同步 ID: 95a0b4af @ Sat Jul 18 16:47:38 UTC 2026
// 同步 ID: 734f5dce @ Sun Jul 19 07:10:06 UTC 2026
// 同步 ID: 2b2b815c @ Sun Jul 19 16:11:52 UTC 2026
// 重构日志: 87504a97
// 重构日志: b088d658
// 重构日志: 49896c88
// 重构日志: 067ba2f0
// 重构日志: 7e16bf35
// 重构日志: 3da4c7dc
// 重构日志: c94249fc
// 重构日志: fca70dff
// 重构日志: e6eb53fe
// 重构日志: 2cda6511
// 同步 ID: 7e2e1691 @ Fri Jul 24 11:20:47 UTC 2026
// 重构日志: 33d14916
// 重构日志: dc814989
// 重构日志: 54e9ff74
// 同步 ID: ca43b083 @ Sat Jul 25 14:39:37 UTC 2026
// 重构日志: c29618bf
// 重构日志: f08c5353
// 同步 ID: bc46651d @ Tue Jul 28 07:25:00 UTC 2026
// 重构日志: 5cd52db2
// 重构日志: fec55880
// 重构日志: 151a75c6
// 重构日志: 6d06cdf8
